../Core/Src/LibSensors/mpu9250_spi.c:105:13:MPU9250_OnActivate	8	static
../Core/Src/LibSensors/mpu9250_spi.c:109:20:MPU9250_Activate	8	static
../Core/Src/LibSensors/mpu9250_spi.c:115:20:MPU9250_Deactivate	8	static
../Core/Src/LibSensors/mpu9250_spi.c:120:9:SPIx_WriteRead	32	static
../Core/Src/LibSensors/mpu9250_spi.c:133:6:MPU_SPI_Write	16	static
../Core/Src/LibSensors/mpu9250_spi.c:146:6:MPU_SPI_Read	32	static
../Core/Src/LibSensors/mpu9250_spi.c:156:6:writeRegister	16	static
../Core/Src/LibSensors/mpu9250_spi.c:163:6:readRegisters	16	static
../Core/Src/LibSensors/mpu9250_spi.c:168:6:writeAK8963Register	16	static
../Core/Src/LibSensors/mpu9250_spi.c:184:6:readAK8963Registers	16	static
../Core/Src/LibSensors/mpu9250_spi.c:203:16:whoAmI	8	static
../Core/Src/LibSensors/mpu9250_spi.c:212:12:whoAmIAK8963	8	static
../Core/Src/LibSensors/mpu9250_spi.c:220:9:MPU9250_Init	24	static
../Core/Src/LibSensors/mpu9250_spi.c:315:6:MPU9250_SetAccelRange	16	static
../Core/Src/LibSensors/mpu9250_spi.c:321:6:MPU9250_SetGyroRange	16	static
../Core/Src/LibSensors/mpu9250_spi.c:327:6:MPU9250_SetDLPFBandwidth	16	static
../Core/Src/LibSensors/mpu9250_spi.c:334:6:MPU9250_SetSampleRateDivider	16	static
../Core/Src/LibSensors/mpu9250_spi.c:377:6:MPU9250_GetData	48	static
