../Core/Src/IMU_Sensor/MahonyAHRS.c:63:6:Mahony_begin	16	static
../Core/Src/IMU_Sensor/MahonyAHRS.c:68:6:Mahony_update	160	static
../Core/Src/IMU_Sensor/MahonyAHRS.c:182:6:Mahony_updateIMU	72	static
../Core/Src/IMU_Sensor/MahonyAHRS.c:261:7:Mahony_invSqrt	32	static
../Core/Src/IMU_Sensor/MahonyAHRS.c:275:6:Mahony_computeAngles	16	static
../Core/Src/IMU_Sensor/MahonyAHRS.c:283:7:Mahony_getRoll	8	static
../Core/Src/IMU_Sensor/MahonyAHRS.c:288:7:Mahony_getPitch	8	static
../Core/Src/IMU_Sensor/MahonyAHRS.c:293:7:Mahony_getYaw	8	static
../Core/Src/IMU_Sensor/MahonyAHRS.c:299:7:Mahony_getRollRadians	8	static
../Core/Src/IMU_Sensor/MahonyAHRS.c:304:7:Mahony_getPitchRadians	8	static
../Core/Src/IMU_Sensor/MahonyAHRS.c:309:7:Mahony_getYawRadians	8	static
